lib/prisma.ts(17,25): error TS2304: Cannot find name 'global'.
lib/prisma.ts(22,10): error TS2591: Cannot find name 'process'. Do you need to install type definitions for node? Try `npm i --save-dev @types/node` and then add 'node' to the types field in your tsconfig.
lib/prisma.ts(25,5): error TS2591: Cannot find name 'process'. Do you need to install type definitions for node? Try `npm i --save-dev @types/node` and then add 'node' to the types field in your tsconfig.
services/rag.service.ts(8,11): error TS2591: Cannot find name 'process'. Do you need to install type definitions for node? Try `npm i --save-dev @types/node` and then add 'node' to the types field in your tsconfig.
services/rag.service.ts(11,38): error TS2591: Cannot find name 'process'. Do you need to install type definitions for node? Try `npm i --save-dev @types/node` and then add 'node' to the types field in your tsconfig.
services/rag.service.ts(14,38): error TS2591: Cannot find name 'process'. Do you need to install type definitions for node? Try `npm i --save-dev @types/node` and then add 'node' to the types field in your tsconfig.
services/rag.service.ts(65,34): error TS2345: Argument of type 'PineconeRecord[]' is not assignable to parameter of type 'UpsertOptions<RecordMetadata>'.
  Property 'records' is missing in type 'PineconeRecord[]' but required in type 'UpsertOptions<RecordMetadata>'.
